uuuuuuuuuuuuuuuuuuuuuuuuuuuu
uuuuuuuuuuuuuuuuuuuuuuuuuuuu
uuuuuuuuuuuuuuuuuuuuuuuuuuuu
xxxxxxxxxxxxxxxxxxxxxxxxxxxx
x************xx************x
x*xxxx*xxxxx*xx*xxxxx*xxxx*x
x*xxxx*xxxxx*xx*xxxxx*xxxx*x
x*xxxx*xxxxx*xx*xxxxx*xxxx*x
x**************************x
x*xxxx*xx*xxxxxxxx*xx*xxxx*x
x*xxxx*xx*xxxxxxxx*xx*xxxx*x
x******xx****xx****xx******x
xxxxxx*xxxxxoxxoxxxxx*xxxxxx
uuuuux*xxxxxoxxoxxxxx*xuuuuu
uuuuux*xxooooobooooxx*xuuuuu
uuuuux*xxoxxxddxxxoxx*xuuuuu
xxxxxx*xxoxggggggxoxx*xxxxxx
t******oooxgigpgcxooo******t
xxxxxx*xxoxggggggxoxx*xxxxxx
uuuuux*xxoxxxxxxxxoxx*xuuuuu
uuuuux*xxooooooooooxx*xuuuuu
uuuuux*xxoxxxxxxxxoxx*xuuuuu
xxxxxx*xxoxxxxxxxxoxx*xxxxxx
x************xx************x
x*xxxx*xxxxx*xx*xxxxx*xxxx*x
x*xxxx*xxxxx*xx*xxxxx*xxxx*x
x***xx*******s********xx***x
xxx*xx*xx*xxxxxxxx*xx*xx*xxx
xxx*xx*xx*xxxxxxxx*xx*xx*xxx
x******xx****xx****xx******x
x*xxxxxxxxxx*xx*xxxxxxxxxx*x
x*xxxxxxxxxx*xx*xxxxxxxxxx*x
x**************************x
xxxxxxxxxxxxxxxxxxxxxxxxxxxx
uuuuuuuuuuuuuuuuuuuuuuuuuuuu
uuuuuuuuuuuuuuuuuuuuuuuuuuuu
