oooooooooooooooooooooooooooo
oooooooooooooooooooooooooooo
oooooooooooooooooooooooooooo
xxxxxxxxxxxxxxxxxxxxxxxxxxxx
x************xx************x
x*xxxx*xxxxx*xx*xxxxx*xxxx*x
x*xxxx*xxxxx*xx*xxxxx*xxxx*x
x*xxxx*xxxxx*xx*xxxxx*xxxx*x
x**************************x
x*xxxx*xx*xxxxxxxx*xx*xxxx*x
x*xxxx*xx*xxxxxxxx*xx*xxxx*x
x******xx****xx****xx******x
xxxxxx*xxxxxoxxoxxxxx*xxxxxx
ooooox*xxxxxoxxoxxxxx*xooooo
ooooox*xxooooooooooxx*xooooo
ooooox*xxoxxxooxxxoxx*xooooo
xxxxxx*xxox******xoxx*xxxxxx
*******ooox******xooo*******
xxxxxx*xxox******xoxx*xxxxxx
ooooox*xxoxxxxxxxxoxx*xooooo
ooooox*xxooooooooooxx*xooooo
ooooox*xxoxxxxxxxxoxx*xooooo
xxxxxx*xxoxxxxxxxxoxx*xxxxxx
x************xx************x
x*xxxx*xxxxx*xx*xxxxx*xxxx*x
x*xxxx*xxxxx*xx*xxxxx*xxxx*x
x***xx****************xx***x
xxx*xx*xx*xxxxxxxx*xx*xx*xxx
xxx*xx*xx*xxxxxxxx*xx*xx*xxx
x******xx****xx****xx******x
x*xxxxxxxxxx*xx*xxxxxxxxxx*x
x*xxxxxxxxxx*xx*xxxxxxxxxx*x
x**************************x
xxxxxxxxxxxxxxxxxxxxxxxxxxxx
oooooooooooooooooooooooooooo
oooooooooooooooooooooooooooo
